[     178ms] [INFO] %cDownload the React DevTools for a better development experience: https://react.dev/link/react-devtools font-weight:bold @ http://localhost:3000/_next/static/chunks/0o.5_next_dist_0kww0nw._.js:2477
[     320ms] [LOG] [HMR] connected @ http://localhost:3000/_next/static/chunks/0o.5_next_dist_0kww0nw._.js:2477
[     455ms] [LOG] [Fast Refresh] rebuilding @ http://localhost:3000/_next/static/chunks/0o.5_next_dist_0kww0nw._.js:2477
[     473ms] [ERROR] A tree hydrated but some attributes of the server rendered HTML didn't match the client properties. This won't be patched up. This can happen if a SSR-ed Client Component used:

- A server/client branch `if (typeof window !== 'undefined')`.
- Variable input such as `Date.now()` or `Math.random()` which changes each time it's called.
- Date formatting in a user's locale which doesn't match the server.
- External changing data without sending a snapshot of it along with the HTML.
- Invalid HTML tag nesting.

It can also happen if the client has a browser extension installed which messes with the HTML before React loaded.

%s%s https://react.dev/link/hydration-mismatch 

  ...
    <RedirectBoundary>
      <RedirectErrorBoundary router={{...}}>
        <InnerLayoutRouter url="/" tree={[...]} params={{}} cacheNode={{rsc:{...}, ...}} segmentPath={[...]} ...>
          <SegmentViewNode type="page" pagePath="page.tsx">
            <SegmentTrieNode>
            <Home>
              <main className="flex min-h...">
                <NavBar>
                <LandingHeroV2>
                  <section className="bg-snow">
                    <div className="relative -...">
                      <Dial size={1300} color="#fafafa" tick={{size:73,width:2, ...}} padding={32} ...>
                        <motion.svg width={1300} height={1300} viewBox="0 0 1300 1300" overflow="visible" ...>
                          <svg width={1300} height={1300} viewBox="0 0 1300 1300" overflow="visible" ...>
                            <circle>
                            <line>
                            <line>
                            <line>
                            <line>
                            <line>
                            <line>
                            <line>
                            <line>
                            <line
+                             x1={911.5922450372314}
-                             x1="911.5922450372315"
                              y1={174.1654727361821}
                              x2={946.7602632466567}
                              y2={110.19508509297998}
                              stroke="#1a1a1a"
                              strokeWidth={2}
                              strokeOpacity={0.3}
                              strokeLinecap="round"
                              className={undefined}
                            >
                            <line>
                            <line>
                            <line>
                            <line>
                            <line>
                            <line>
                            <line>
                            <line>
                            <line>
                            <line>
                            <line>
                            <line>
                            <line>
                            <line>
                            <line>
                            <line>
                            <line>
                            <line>
                            <line>
                            <line>
                            <line>
                            <line>
                            <line>
                            <line>
                            <line>
                            <line>
                            <line>
                            <line>
                            <line>
                            <line>
                            <line>
                            <line>
                            <line>
                            <line>
                            <line>
                            <line>
                            <line>
                            <line>
                            <line>
                            <line>
                            <line>
                            <line>
                            <line>
                            <line>
                            <line>
                            <line>
                            <line>
                            <line>
                            <line>
                            <line>
                            <line>
                            <line>
                            <line>
                            <line>
                            <line>
                            <line>
                            <line>
                            <line>
                            <line>
                            <line>
                            <line>
                            <line>
                            <line>
                            <line>
                            <line>
                            <line>
                            <line>
                            <line>
                            <line>
                            <line>
                            <line>
                            <line>
                            <line>
                            <line>
                            <line>
                            <line>
                            <line
+                             x1={210.7037720544035}
-                             x1="210.70377205440354"
                              y1={330.8326080051871}
+                             x2={151.64553146503232}
-                             x2="151.64553146503238"
                              y2={287.9242845878366}
                              stroke="#1a1a1a"
                              strokeWidth={2}
                              strokeOpacity={0.3}
                              strokeLinecap="round"
                              className={undefined}
                            >
                            ...
                      <Dial size={1095} color="#ab9ff2" tick={{size:43,width:2, ...}} className="absolute z..." ...>
                        <motion.svg width={1095} height={1095} viewBox="0 0 1095 1095" overflow="visible" ...>
                          <svg width={1095} height={1095} viewBox="0 0 1095 1095" overflow="visible" ...>
                            <circle>
                            <line>
                            <line>
                            <line>
                            <line>
                            <line>
                            <line>
                            <line>
                            <line>
                            <line
+                             x1={773.7556130418706}
-                             x1="773.7556130418707"
                              y1={135.94256771739947}
+                             x2={794.4710210282443}
-                             x2="794.4710210282444"
                              y2={98.26138047551336}
                              stroke="#1a1a1a"
                              strokeWidth={2}
                              strokeOpacity={0.3}
                              strokeLinecap="round"
                              className={undefined}
                            >
                            <line>
                            <line>
                            <line>
                            <line>
                            <line>
                            <line>
                            <line>
                            <line>
                            <line>
                            <line>
                            <line>
                            <line>
                            <line>
                            <line>
                            <line>
                            <line>
                            <line>
                            <line>
                            <line>
                            <line>
                            <line>
                            <line>
                            <line>
                            <line>
                            <line>
                            <line>
                            <line>
                            <line>
                            <line>
                            <line
                              x1={868.9975482994087}
+                             y1={889.8601158684658}
-                             y1="889.8601158684659"
                              x2={898.4330738543423}
                              y2={921.2057668475866}
                              stroke="#1a1a1a"
                              strokeWidth={2}
                              strokeOpacity={0.3}
                              strokeLinecap="round"
                              className={undefined}
                            >
                            <line>
                            <line>
                            <line>
                            <line>
                            <line>
                            <line>
                            <line>
                            <line>
                            <line>
                            <line>
                            <line>
                            <line>
                            <line>
                            <line>
                            <line>
                            <line>
                            <line>
                            <line>
                            <line>
                            <line>
                            <line>
                            <line>
                            <line>
                            <line>
                            <line>
                            <line>
                            <line>
                            <line>
                            <line>
                            <line>
                            <line>
                            <line>
                            <line>
                            <line>
                            <line>
                            <line>
                            <line>
                            <line>
                            <line>
                            <line>
                            <line>
                            <line>
                            <line>
                            <line>
                            <line>
                            <line>
                            <line
+                             x1={167.54516859180592}
-                             x1="167.54516859180598"
                              y1={271.44665626084003}
+                             x2={132.75743783368313}
-                             x2="132.75743783368318"
                              y2={246.17189041226374}
                              stroke="#1a1a1a"
                              strokeWidth={2}
                              strokeOpacity={0.3}
                              strokeLinecap="round"
                              className={undefined}
                            >
                            ...
                      <Dial size={900} color="#ffffff" tick={{size:0,width:0, ...}} className="absolute z..." ...>
                        <motion.svg width={900} height={900} viewBox="0 0 900 900" overflow="visible" ...>
                          <svg width={900} height={900} viewBox="0 0 900 900" overflow="visible" ...>
                            <circle>
                            <line>
                            <line>
                            <line>
                            <line>
                            <line>
                            <line>
                            <line>
                            <line>
                            <line
+                             x1={652.8182967968221}
-                             x1="652.8182967968222"
                              y1={81.07488770153344}
+                             x2={652.8182967968221}
-                             x2="652.8182967968222"
                              y2={81.07488770153344}
                              stroke="#ababab90"
                              strokeWidth={0}
                              strokeOpacity={0.3}
                              strokeLinecap="round"
                              className={undefined}
                            >
                            <line>
                            <line>
                            <line>
                            <line>
                            <line>
                            <line>
                            <line>
                            <line>
                            <line>
                            <line>
                            <line>
                            <line>
                            <line>
                            <line>
                            <line>
                            <line>
                            <line>
                            <line>
                            <line>
                            <line>
                            <line>
                            <line>
                            <line>
                            <line>
                            <line>
                            <line>
                            <line>
                            <line>
                            <line>
                            <line>
                            <line>
                            <line>
                            <line>
                            <line>
                            <line>
                            <line>
                            <line>
                            <line>
                            <line>
                            <line>
                            <line>
                            <line>
                            <line>
                            <line>
                            <line>
                            <line>
                            <line>
                            <line>
                            <line>
                            <line>
                            <line>
                            <line>
                            <line>
                            <line>
                            <line>
                            <line>
                            <line>
                            <line>
                            <line>
                            <line>
                            <line>
                            <line>
                            <line>
                            <line>
                            <line>
                            <line>
                            <line>
                            <line>
                            <line>
                            <line>
                            <line>
                            <line>
                            <line>
                            <line>
                            <line>
                            <line>
                            <line
+                             x1={109.40384536814707}
-                             x1="109.40384536814713"
                              y1={202.54240878486885}
+                             x2={109.40384536814707}
-                             x2="109.40384536814713"
                              y2={202.54240878486885}
                              stroke="#ababab90"
                              strokeWidth={0}
                              strokeOpacity={0.3}
                              strokeLinecap="round"
                              className={undefined}
                            >
                            ...
                      ...
                ...
          ...
        ...
 @ http://localhost:3000/_next/static/chunks/0o.5_next_dist_0kww0nw._.js:3318
[     557ms] [LOG] [Fast Refresh] done in 213ms @ http://localhost:3000/_next/static/chunks/0o.5_next_dist_0kww0nw._.js:2477
[  414122ms] [ERROR] WebSocket connection to 'ws://localhost:3000/_next/webpack-hmr?id=fuZ5UsPKN-DlW6XHUMoZ0' failed: Error in connection establishment: net::ERR_CONNECTION_REFUSED @ http://localhost:3000/_next/static/chunks/0o.5_next_dist_client_0wtbtar._.js:13322
[  415124ms] [ERROR] WebSocket connection to 'ws://localhost:3000/_next/webpack-hmr?id=fuZ5UsPKN-DlW6XHUMoZ0' failed: Error in connection establishment: net::ERR_CONNECTION_REFUSED @ http://localhost:3000/_next/static/chunks/0o.5_next_dist_client_0wtbtar._.js:13322
[  416127ms] [ERROR] WebSocket connection to 'ws://localhost:3000/_next/webpack-hmr?id=fuZ5UsPKN-DlW6XHUMoZ0' failed: Error in connection establishment: net::ERR_CONNECTION_REFUSED @ http://localhost:3000/_next/static/chunks/0o.5_next_dist_client_0wtbtar._.js:13322
[  417128ms] [ERROR] WebSocket connection to 'ws://localhost:3000/_next/webpack-hmr?id=fuZ5UsPKN-DlW6XHUMoZ0' failed: Error in connection establishment: net::ERR_CONNECTION_REFUSED @ http://localhost:3000/_next/static/chunks/0o.5_next_dist_client_0wtbtar._.js:13322
[  418130ms] [ERROR] WebSocket connection to 'ws://localhost:3000/_next/webpack-hmr?id=fuZ5UsPKN-DlW6XHUMoZ0' failed: Error in connection establishment: net::ERR_CONNECTION_REFUSED @ http://localhost:3000/_next/static/chunks/0o.5_next_dist_client_0wtbtar._.js:13322
[  423170ms] [LOG] [HMR] connected @ http://localhost:3000/_next/static/chunks/0o.5_next_dist_0kww0nw._.js:2477
[  424440ms] [INFO] %cDownload the React DevTools for a better development experience: https://react.dev/link/react-devtools font-weight:bold @ http://localhost:3000/_next/static/chunks/0o.5_next_dist_0kww0nw._.js:2477
[  424505ms] [LOG] [HMR] connected @ http://localhost:3000/_next/static/chunks/0o.5_next_dist_0kww0nw._.js:2477
[  424719ms] [ERROR] A tree hydrated but some attributes of the server rendered HTML didn't match the client properties. This won't be patched up. This can happen if a SSR-ed Client Component used:

- A server/client branch `if (typeof window !== 'undefined')`.
- Variable input such as `Date.now()` or `Math.random()` which changes each time it's called.
- Date formatting in a user's locale which doesn't match the server.
- External changing data without sending a snapshot of it along with the HTML.
- Invalid HTML tag nesting.

It can also happen if the client has a browser extension installed which messes with the HTML before React loaded.

%s%s https://react.dev/link/hydration-mismatch 

  ...
    <RedirectBoundary>
      <RedirectErrorBoundary router={{...}}>
        <InnerLayoutRouter url="/" tree={[...]} params={{}} cacheNode={{rsc:{...}, ...}} segmentPath={[...]} ...>
          <SegmentViewNode type="page" pagePath="page.tsx">
            <SegmentTrieNode>
            <Home>
              <main className="flex min-h...">
                <NavBar>
                <LandingHeroV2>
                  <section className="bg-snow">
                    <div className="relative -...">
                      <Dial size={1300} color="#fafafa" tick={{size:73,width:2, ...}} padding={32} ...>
                        <motion.svg width={1300} height={1300} viewBox="0 0 1300 1300" overflow="visible" ...>
                          <svg width={1300} height={1300} viewBox="0 0 1300 1300" overflow="visible" ...>
                            <circle>
                            <line>
                            <line>
                            <line>
                            <line>
                            <line>
                            <line>
                            <line>
                            <line>
                            <line
+                             x1={911.5922450372314}
-                             x1="911.5922450372315"
                              y1={174.1654727361821}
                              x2={946.7602632466567}
                              y2={110.19508509297998}
                              stroke="#1a1a1a"
                              strokeWidth={2}
                              strokeOpacity={0.3}
                              strokeLinecap="round"
                              className={undefined}
                            >
                            <line>
                            <line>
                            <line>
                            <line>
                            <line>
                            <line>
                            <line>
                            <line>
                            <line>
                            <line>
                            <line>
                            <line>
                            <line>
                            <line>
                            <line>
                            <line>
                            <line>
                            <line>
                            <line>
                            <line>
                            <line>
                            <line>
                            <line>
                            <line>
                            <line>
                            <line>
                            <line>
                            <line>
                            <line>
                            <line>
                            <line>
                            <line>
                            <line>
                            <line>
                            <line>
                            <line>
                            <line>
                            <line>
                            <line>
                            <line>
                            <line>
                            <line>
                            <line>
                            <line>
                            <line>
                            <line>
                            <line>
                            <line>
                            <line>
                            <line>
                            <line>
                            <line>
                            <line>
                            <line>
                            <line>
                            <line>
                            <line>
                            <line>
                            <line>
                            <line>
                            <line>
                            <line>
                            <line>
                            <line>
                            <line>
                            <line>
                            <line>
                            <line>
                            <line>
                            <line>
                            <line>
                            <line>
                            <line>
                            <line>
                            <line>
                            <line>
                            <line
+                             x1={210.7037720544035}
-                             x1="210.70377205440354"
                              y1={330.8326080051871}
+                             x2={151.64553146503232}
-                             x2="151.64553146503238"
                              y2={287.9242845878366}
                              stroke="#1a1a1a"
                              strokeWidth={2}
                              strokeOpacity={0.3}
                              strokeLinecap="round"
                              className={undefined}
                            >
                            ...
                      <Dial size={1095} color="#ab9ff2" tick={{size:43,width:2, ...}} className="absolute z..." ...>
                        <motion.svg width={1095} height={1095} viewBox="0 0 1095 1095" overflow="visible" ...>
                          <svg width={1095} height={1095} viewBox="0 0 1095 1095" overflow="visible" ...>
                            <circle>
                            <line>
                            <line>
                            <line>
                            <line>
                            <line>
                            <line>
                            <line>
                            <line>
                            <line
+                             x1={773.7556130418706}
-                             x1="773.7556130418707"
                              y1={135.94256771739947}
+                             x2={794.4710210282443}
-                             x2="794.4710210282444"
                              y2={98.26138047551336}
                              stroke="#1a1a1a"
                              strokeWidth={2}
                              strokeOpacity={0.3}
                              strokeLinecap="round"
                              className={undefined}
                            >
                            <line>
                            <line>
                            <line>
                            <line>
                            <line>
                            <line>
                            <line>
                            <line>
                            <line>
                            <line>
                            <line>
                            <line>
                            <line>
                            <line>
                            <line>
                            <line>
                            <line>
                            <line>
                            <line>
                            <line>
                            <line>
                            <line>
                            <line>
                            <line>
                            <line>
                            <line>
                            <line>
                            <line>
                            <line>
                            <line
                              x1={868.9975482994087}
+                             y1={889.8601158684658}
-                             y1="889.8601158684659"
                              x2={898.4330738543423}
                              y2={921.2057668475866}
                              stroke="#1a1a1a"
                              strokeWidth={2}
                              strokeOpacity={0.3}
                              strokeLinecap="round"
                              className={undefined}
                            >
                            <line>
                            <line>
                            <line>
                            <line>
                            <line>
                            <line>
                            <line>
                            <line>
                            <line>
                            <line>
                            <line>
                            <line>
                            <line>
                            <line>
                            <line>
                            <line>
                            <line>
                            <line>
                            <line>
                            <line>
                            <line>
                            <line>
                            <line>
                            <line>
                            <line>
                            <line>
                            <line>
                            <line>
                            <line>
                            <line>
                            <line>
                            <line>
                            <line>
                            <line>
                            <line>
                            <line>
                            <line>
                            <line>
                            <line>
                            <line>
                            <line>
                            <line>
                            <line>
                            <line>
                            <line>
                            <line>
                            <line
+                             x1={167.54516859180592}
-                             x1="167.54516859180598"
                              y1={271.44665626084003}
+                             x2={132.75743783368313}
-                             x2="132.75743783368318"
                              y2={246.17189041226374}
                              stroke="#1a1a1a"
                              strokeWidth={2}
                              strokeOpacity={0.3}
                              strokeLinecap="round"
                              className={undefined}
                            >
                            ...
                      <Dial size={900} color="#ffffff" tick={{size:0,width:0, ...}} className="absolute z..." ...>
                        <motion.svg width={900} height={900} viewBox="0 0 900 900" overflow="visible" ...>
                          <svg width={900} height={900} viewBox="0 0 900 900" overflow="visible" ...>
                            <circle>
                            <line>
                            <line>
                            <line>
                            <line>
                            <line>
                            <line>
                            <line>
                            <line>
                            <line
+                             x1={652.8182967968221}
-                             x1="652.8182967968222"
                              y1={81.07488770153344}
+                             x2={652.8182967968221}
-                             x2="652.8182967968222"
                              y2={81.07488770153344}
                              stroke="#ababab90"
                              strokeWidth={0}
                              strokeOpacity={0.3}
                              strokeLinecap="round"
                              className={undefined}
                            >
                            <line>
                            <line>
                            <line>
                            <line>
                            <line>
                            <line>
                            <line>
                            <line>
                            <line>
                            <line>
                            <line>
                            <line>
                            <line>
                            <line>
                            <line>
                            <line>
                            <line>
                            <line>
                            <line>
                            <line>
                            <line>
                            <line>
                            <line>
                            <line>
                            <line>
                            <line>
                            <line>
                            <line>
                            <line>
                            <line>
                            <line>
                            <line>
                            <line>
                            <line>
                            <line>
                            <line>
                            <line>
                            <line>
                            <line>
                            <line>
                            <line>
                            <line>
                            <line>
                            <line>
                            <line>
                            <line>
                            <line>
                            <line>
                            <line>
                            <line>
                            <line>
                            <line>
                            <line>
                            <line>
                            <line>
                            <line>
                            <line>
                            <line>
                            <line>
                            <line>
                            <line>
                            <line>
                            <line>
                            <line>
                            <line>
                            <line>
                            <line>
                            <line>
                            <line>
                            <line>
                            <line>
                            <line>
                            <line>
                            <line>
                            <line>
                            <line>
                            <line
+                             x1={109.40384536814707}
-                             x1="109.40384536814713"
                              y1={202.54240878486885}
+                             x2={109.40384536814707}
-                             x2="109.40384536814713"
                              y2={202.54240878486885}
                              stroke="#ababab90"
                              strokeWidth={0}
                              strokeOpacity={0.3}
                              strokeLinecap="round"
                              className={undefined}
                            >
                            ...
                      ...
                ...
          ...
        ...
 @ http://localhost:3000/_next/static/chunks/0o.5_next_dist_0kww0nw._.js:3318
