[     105ms] [INFO] %cDownload the React DevTools for a better development experience: https://react.dev/link/react-devtools font-weight:bold @ http://localhost:3000/_next/static/chunks/0o.5_next_dist_0kww0nw._.js:2477
[     126ms] [LOG] [HMR] connected @ http://localhost:3000/_next/static/chunks/0o.5_next_dist_0kww0nw._.js:2477
[     252ms] [LOG] [Fast Refresh] rebuilding @ http://localhost:3000/_next/static/chunks/0o.5_next_dist_0kww0nw._.js:2477
[     262ms] [LOG] [Fast Refresh] done in 118ms @ http://localhost:3000/_next/static/chunks/0o.5_next_dist_0kww0nw._.js:2477
[    9093ms] [INFO] %cDownload the React DevTools for a better development experience: https://react.dev/link/react-devtools font-weight:bold @ http://localhost:3000/_next/static/chunks/0o.5_next_dist_0kww0nw._.js:2477
[    9127ms] [LOG] [HMR] connected @ http://localhost:3000/_next/static/chunks/0o.5_next_dist_0kww0nw._.js:2477
[   10042ms] [INFO] %cDownload the React DevTools for a better development experience: https://react.dev/link/react-devtools font-weight:bold @ http://localhost:3000/_next/static/chunks/0o.5_next_dist_0kww0nw._.js:2477
[   10051ms] [LOG] [HMR] connected @ http://localhost:3000/_next/static/chunks/0o.5_next_dist_0kww0nw._.js:2477
[   11524ms] [ERROR] Failed to load resource: the server responded with a status of 500 (Internal Server Error) @ http://localhost:3000/:0
[   11533ms] [INFO] %cDownload the React DevTools for a better development experience: https://react.dev/link/react-devtools font-weight:bold @ http://localhost:3000/_next/static/chunks/0o.5_next_dist_0kww0nw._.js:2477
[   11547ms] [LOG] [HMR] connected @ http://localhost:3000/_next/static/chunks/0o.5_next_dist_0kww0nw._.js:2477
[   11624ms] Error: Attempted to call useOpenIssue() from the server but useOpenIssue is on the client. It's not possible to invoke a client function from the server, it can only be rendered as a Component or passed to props of a Client Component.
    at CardRenderer (about://React/Server/file:///Users/rishikant/utility/trymatcha/apps/web/.next/dev/server/chunks/ssr/%5Broot-of-the-server%5D__0g5nxqt._.js?0:2308:208)
    at resolveErrorDev (http://localhost:3000/_next/static/chunks/0o.5_next_dist_compiled_react-server-dom-turbopack_13r11v~._.js:1919:105)
    at processFullStringRow (http://localhost:3000/_next/static/chunks/0o.5_next_dist_compiled_react-server-dom-turbopack_13r11v~._.js:2434:29)
    at processFullBinaryRow (http://localhost:3000/_next/static/chunks/0o.5_next_dist_compiled_react-server-dom-turbopack_13r11v~._.js:2393:9)
    at processBinaryChunk (http://localhost:3000/_next/static/chunks/0o.5_next_dist_compiled_react-server-dom-turbopack_13r11v~._.js:2502:221)
    at progress (http://localhost:3000/_next/static/chunks/0o.5_next_dist_compiled_react-server-dom-turbopack_13r11v~._.js:2689:13)
[   11666ms] TypeError: Failed to execute 'measure' on 'Performance': '​CardRenderer' cannot have a negative time stamp.
    at flushComponentPerformance (http://localhost:3000/_next/static/chunks/0o.5_next_dist_compiled_react-server-dom-turbopack_13r11v~._.js:2184:45)
    at flushComponentPerformance (http://localhost:3000/_next/static/chunks/0o.5_next_dist_compiled_react-server-dom-turbopack_13r11v~._.js:2156:31)
    at flushComponentPerformance (http://localhost:3000/_next/static/chunks/0o.5_next_dist_compiled_react-server-dom-turbopack_13r11v~._.js:2156:31)
    at flushComponentPerformance (http://localhost:3000/_next/static/chunks/0o.5_next_dist_compiled_react-server-dom-turbopack_13r11v~._.js:2156:31)
    at flushComponentPerformance (http://localhost:3000/_next/static/chunks/0o.5_next_dist_compiled_react-server-dom-turbopack_13r11v~._.js:2156:31)
    at flushInitialRenderPerformance (http://localhost:3000/_next/static/chunks/0o.5_next_dist_compiled_react-server-dom-turbopack_13r11v~._.js:2346:74)
